../Core/Src/main.c:90:5:main	56	static
../Core/Src/main.c:171:6:SystemClock_Config	88	static
../Core/Src/main.c:219:13:MX_RTC_Init	8	static
../Core/Src/main.c:254:13:MX_USART2_UART_Init	8	static
../Core/Src/main.c:287:13:MX_GPIO_Init	56	static
../Core/Src/main.c:425:6:vManagerTask	24	static,ignoring_inline_asm
../Core/Src/main.c:461:6:EmployeeDoWork	16	static
../Core/Src/main.c:469:13:vEmployeeTask	24	static
../Core/Src/main.c:507:6:HAL_TIM_PeriodElapsedCallback	16	static
../Core/Src/main.c:524:6:Error_Handler	4	static,ignoring_inline_asm
