16:35:15 **** Incremental Build of configuration Debug for project 007Task_Priority ****
make -j8 all 
arm-none-eabi-gcc "../Core/Src/main.c" -mcpu=cortex-m4 -std=gnu11 -g3 -DDEBUG -DUSE_HAL_DRIVER -DSTM32F407xx -c -I../Core/Inc -I../Drivers/STM32F4xx_HAL_Driver/Inc -I../Drivers/STM32F4xx_HAL_Driver/Inc/Legacy -I../Drivers/CMSIS/Device/ST/STM32F4xx/Include -I../Drivers/CMSIS/Include -I"C:/learning/MasterRTOS/RTOS_workspace/common/ThirdParty/FreeRTOS/include" -I"C:/learning/MasterRTOS/RTOS_workspace/common/ThirdParty/FreeRTOS/portable/GCC/ARM_CM4F" -I"C:/learning/MasterRTOS/RTOS_workspace/common/ThirdParty/SEGGER/Config" -I"C:/learning/MasterRTOS/RTOS_workspace/common/ThirdParty/SEGGER/OS" -I"C:/learning/MasterRTOS/RTOS_workspace/common/ThirdParty/SEGGER/SEGGER" -O0 -ffunction-sections -fdata-sections -Wall -fstack-usage -MMD -MP -MF"Core/Src/main.d" -MT"Core/Src/main.o" --specs=nano.specs -mfpu=fpv4-sp-d16 -mfloat-abi=hard -mthumb -o "Core/Src/main.o"
arm-none-eabi-gcc -o "007Task_Priority.elf" @"objects.list"   -mcpu=cortex-m4 -T"C:\learning\MasterRTOS\RTOS_workspace\007Task_Priority\STM32F407VGTX_FLASH.ld" --specs=nosys.specs -Wl,-Map="007Task_Priority.map" -Wl,--gc-sections -static --specs=nano.specs -mfpu=fpv4-sp-d16 -mfloat-abi=hard -mthumb -Wl,--start-group -lc -lm -Wl,--end-group
Finished building target: 007Task_Priority.elf
 
arm-none-eabi-size   007Task_Priority.elf 
arm-none-eabi-objdump -h -S  007Task_Priority.elf  > "007Task_Priority.list"
   text	   data	    bss	    dec	    hex	filename
  23268	     36	  84508	 107812	  1a524	007Task_Priority.elf
Finished building: default.size.stdout
Finished building: 007Task_Priority.list
 
 

16:35:19 Build Finished. 0 errors, 0 warnings. (took 4s.340ms)

