16:53:53 **** Incremental Build of configuration Debug for project 008Queues_n_timer ****
make -j8 all 
arm-none-eabi-gcc "../Core/Src/rtc.c" -mcpu=cortex-m4 -std=gnu11 -g3 -DDEBUG -DUSE_HAL_DRIVER -DSTM32F407xx -c -I../Core/Inc -I../Drivers/STM32F4xx_HAL_Driver/Inc -I../Drivers/STM32F4xx_HAL_Driver/Inc/Legacy -I../Drivers/CMSIS/Device/ST/STM32F4xx/Include -I../Drivers/CMSIS/Include -I"C:/learning/MasterRTOS/RTOS_workspace/common/ThirdParty/FreeRTOS/include" -I"C:/learning/MasterRTOS/RTOS_workspace/common/ThirdParty/FreeRTOS/portable/GCC/ARM_CM4F" -I"C:/learning/MasterRTOS/RTOS_workspace/common/ThirdParty/SEGGER/Config" -I"C:/learning/MasterRTOS/RTOS_workspace/common/ThirdParty/SEGGER/OS" -I"C:/learning/MasterRTOS/RTOS_workspace/common/ThirdParty/SEGGER/SEGGER" -O0 -ffunction-sections -fdata-sections -Wall -fstack-usage -MMD -MP -MF"Core/Src/rtc.d" -MT"Core/Src/rtc.o" --specs=nano.specs -mfpu=fpv4-sp-d16 -mfloat-abi=hard -mthumb -o "Core/Src/rtc.o"
arm-none-eabi-gcc -o "008Queues_n_timer.elf" @"objects.list"   -mcpu=cortex-m4 -T"C:\learning\MasterRTOS\RTOS_workspace\008Queues_n_timer\STM32F407VGTX_FLASH.ld" --specs=nosys.specs -Wl,-Map="008Queues_n_timer.map" -Wl,--gc-sections -static --specs=nano.specs -mfpu=fpv4-sp-d16 -mfloat-abi=hard -mthumb -Wl,--start-group -lc -lm -Wl,--end-group
Finished building target: 008Queues_n_timer.elf
 
arm-none-eabi-size   008Queues_n_timer.elf 
arm-none-eabi-objdump -h -S  008Queues_n_timer.elf  > "008Queues_n_timer.list"
   text	   data	    bss	    dec	    hex	filename
  37948	    148	  79132	 117228	  1c9ec	008Queues_n_timer.elf
Finished building: default.size.stdout
 
Finished building: 008Queues_n_timer.list
 

16:53:58 Build Finished. 0 errors, 0 warnings. (took 4s.861ms)

