../Core/Src/led_effect.c:3:6:led_effect_stop	24	static
../Core/Src/led_effect.c:9:6:led_effect	32	static
../Core/Src/led_effect.c:16:6:turn_off_all_leds	8	static
../Core/Src/led_effect.c:25:6:turn_on_all_leds	8	static
../Core/Src/led_effect.c:33:6:turn_on_odd_leds	8	static
../Core/Src/led_effect.c:42:6:turn_on_even_leds	8	static
../Core/Src/led_effect.c:50:6:LED_control	24	static
../Core/Src/led_effect.c:57:6:LED_effect1	8	static
../Core/Src/led_effect.c:64:6:LED_effect2	8	static
../Core/Src/led_effect.c:70:6:LED_effect3	8	static
../Core/Src/led_effect.c:77:6:LED_effect4	8	static
